Analysis & Synthesis report for tipoR
Wed Oct 23 17:57:40 2019
Quartus Prime Version 18.1.0 Build 625 09/12/2018 SJ Lite Edition


---------------------
; Table of Contents ;
---------------------
  1. Legal Notice
  2. Analysis & Synthesis Summary
  3. Analysis & Synthesis Settings
  4. Parallel Compilation
  5. Analysis & Synthesis Source Files Read
  6. Analysis & Synthesis Resource Usage Summary
  7. Analysis & Synthesis Resource Utilization by Entity
  8. Registers Removed During Synthesis
  9. General Register Statistics
 10. Multiplexer Restructuring Statistics (Restructuring Performed)
 11. Parameter Settings for User Entity Instance: Top-level Entity: |topLevel
 12. Parameter Settings for User Entity Instance: cpu:CPU
 13. Parameter Settings for User Entity Instance: cpu:CPU|romMif:ROM
 14. Parameter Settings for User Entity Instance: cpu:CPU|bancoRegistradores:BR
 15. Parameter Settings for User Entity Instance: cpu:CPU|PC:PC
 16. Parameter Settings for User Entity Instance: cpu:CPU|somadorConstante:SOMADOR
 17. Parameter Settings for User Entity Instance: cpu:CPU|ULA:ULA
 18. Port Connectivity Checks: "display7Seg:DISPLAY0"
 19. Port Connectivity Checks: "display7Seg:DISPLAY1"
 20. Port Connectivity Checks: "cpu:CPU|romMif:ROM"
 21. Port Connectivity Checks: "cpu:CPU"
 22. Post-Synthesis Netlist Statistics for Top Partition
 23. Elapsed Time Per Partition
 24. Analysis & Synthesis Messages



----------------
; Legal Notice ;
----------------
Copyright (C) 2018  Intel Corporation. All rights reserved.
Your use of Intel Corporation's design tools, logic functions 
and other software and tools, and its AMPP partner logic 
functions, and any output files from any of the foregoing 
(including device programming or simulation files), and any 
associated documentation or information are expressly subject 
to the terms and conditions of the Intel Program License 
Subscription Agreement, the Intel Quartus Prime License Agreement,
the Intel FPGA IP License Agreement, or other applicable license
agreement, including, without limitation, that your use is for
the sole purpose of programming logic devices manufactured by
Intel and sold by Intel or its authorized distributors.  Please
refer to the applicable agreement for further details.



+----------------------------------------------------------------------------------+
; Analysis & Synthesis Summary                                                     ;
+------------------------------------+---------------------------------------------+
; Analysis & Synthesis Status        ; Successful - Wed Oct 23 17:57:40 2019       ;
; Quartus Prime Version              ; 18.1.0 Build 625 09/12/2018 SJ Lite Edition ;
; Revision Name                      ; tipoR                                       ;
; Top-level Entity Name              ; topLevel                                    ;
; Family                             ; Cyclone IV E                                ;
; Total logic elements               ; 6                                           ;
;     Total combinational functions  ; 6                                           ;
;     Dedicated logic registers      ; 5                                           ;
; Total registers                    ; 5                                           ;
; Total pins                         ; 104                                         ;
; Total virtual pins                 ; 0                                           ;
; Total memory bits                  ; 0                                           ;
; Embedded Multiplier 9-bit elements ; 0                                           ;
; Total PLLs                         ; 0                                           ;
+------------------------------------+---------------------------------------------+


+------------------------------------------------------------------------------------------------------------+
; Analysis & Synthesis Settings                                                                              ;
+------------------------------------------------------------------+--------------------+--------------------+
; Option                                                           ; Setting            ; Default Value      ;
+------------------------------------------------------------------+--------------------+--------------------+
; Device                                                           ; EP4CE115F29C7      ;                    ;
; Top-level entity name                                            ; topLevel           ; tipoR              ;
; Family name                                                      ; Cyclone IV E       ; Cyclone V          ;
; Maximum processors allowed for parallel compilation              ; 4                  ;                    ;
; VHDL Show LMF Mapping Messages                                   ; Off                ;                    ;
; VHDL Version                                                     ; VHDL_2008          ; VHDL_1993          ;
; Use smart compilation                                            ; Off                ; Off                ;
; Enable parallel Assembler and Timing Analyzer during compilation ; On                 ; On                 ;
; Enable compact report table                                      ; Off                ; Off                ;
; Restructure Multiplexers                                         ; Auto               ; Auto               ;
; Create Debugging Nodes for IP Cores                              ; Off                ; Off                ;
; Preserve fewer node names                                        ; On                 ; On                 ;
; Intel FPGA IP Evaluation Mode                                    ; Enable             ; Enable             ;
; Verilog Version                                                  ; Verilog_2001       ; Verilog_2001       ;
; State Machine Processing                                         ; Auto               ; Auto               ;
; Safe State Machine                                               ; Off                ; Off                ;
; Extract Verilog State Machines                                   ; On                 ; On                 ;
; Extract VHDL State Machines                                      ; On                 ; On                 ;
; Ignore Verilog initial constructs                                ; Off                ; Off                ;
; Iteration limit for constant Verilog loops                       ; 5000               ; 5000               ;
; Iteration limit for non-constant Verilog loops                   ; 250                ; 250                ;
; Add Pass-Through Logic to Inferred RAMs                          ; On                 ; On                 ;
; Infer RAMs from Raw Logic                                        ; On                 ; On                 ;
; Parallel Synthesis                                               ; On                 ; On                 ;
; DSP Block Balancing                                              ; Auto               ; Auto               ;
; NOT Gate Push-Back                                               ; On                 ; On                 ;
; Power-Up Don't Care                                              ; On                 ; On                 ;
; Remove Redundant Logic Cells                                     ; Off                ; Off                ;
; Remove Duplicate Registers                                       ; On                 ; On                 ;
; Ignore CARRY Buffers                                             ; Off                ; Off                ;
; Ignore CASCADE Buffers                                           ; Off                ; Off                ;
; Ignore GLOBAL Buffers                                            ; Off                ; Off                ;
; Ignore ROW GLOBAL Buffers                                        ; Off                ; Off                ;
; Ignore LCELL Buffers                                             ; Off                ; Off                ;
; Ignore SOFT Buffers                                              ; On                 ; On                 ;
; Limit AHDL Integers to 32 Bits                                   ; Off                ; Off                ;
; Optimization Technique                                           ; Balanced           ; Balanced           ;
; Carry Chain Length                                               ; 70                 ; 70                 ;
; Auto Carry Chains                                                ; On                 ; On                 ;
; Auto Open-Drain Pins                                             ; On                 ; On                 ;
; Perform WYSIWYG Primitive Resynthesis                            ; Off                ; Off                ;
; Auto ROM Replacement                                             ; On                 ; On                 ;
; Auto RAM Replacement                                             ; On                 ; On                 ;
; Auto DSP Block Replacement                                       ; On                 ; On                 ;
; Auto Shift Register Replacement                                  ; Auto               ; Auto               ;
; Allow Shift Register Merging across Hierarchies                  ; Auto               ; Auto               ;
; Auto Clock Enable Replacement                                    ; On                 ; On                 ;
; Strict RAM Replacement                                           ; Off                ; Off                ;
; Allow Synchronous Control Signals                                ; On                 ; On                 ;
; Force Use of Synchronous Clear Signals                           ; Off                ; Off                ;
; Auto RAM Block Balancing                                         ; On                 ; On                 ;
; Auto RAM to Logic Cell Conversion                                ; Off                ; Off                ;
; Auto Resource Sharing                                            ; Off                ; Off                ;
; Allow Any RAM Size For Recognition                               ; Off                ; Off                ;
; Allow Any ROM Size For Recognition                               ; Off                ; Off                ;
; Allow Any Shift Register Size For Recognition                    ; Off                ; Off                ;
; Use LogicLock Constraints during Resource Balancing              ; On                 ; On                 ;
; Ignore translate_off and synthesis_off directives                ; Off                ; Off                ;
; Timing-Driven Synthesis                                          ; On                 ; On                 ;
; Report Parameter Settings                                        ; On                 ; On                 ;
; Report Source Assignments                                        ; On                 ; On                 ;
; Report Connectivity Checks                                       ; On                 ; On                 ;
; Ignore Maximum Fan-Out Assignments                               ; Off                ; Off                ;
; Synchronization Register Chain Length                            ; 2                  ; 2                  ;
; Power Optimization During Synthesis                              ; Normal compilation ; Normal compilation ;
; HDL message level                                                ; Level2             ; Level2             ;
; Suppress Register Optimization Related Messages                  ; Off                ; Off                ;
; Number of Removed Registers Reported in Synthesis Report         ; 5000               ; 5000               ;
; Number of Swept Nodes Reported in Synthesis Report               ; 5000               ; 5000               ;
; Number of Inverted Registers Reported in Synthesis Report        ; 100                ; 100                ;
; Clock MUX Protection                                             ; On                 ; On                 ;
; Auto Gated Clock Conversion                                      ; Off                ; Off                ;
; Block Design Naming                                              ; Auto               ; Auto               ;
; SDC constraint protection                                        ; Off                ; Off                ;
; Synthesis Effort                                                 ; Auto               ; Auto               ;
; Shift Register Replacement - Allow Asynchronous Clear Signal     ; On                 ; On                 ;
; Pre-Mapping Resynthesis Optimization                             ; Off                ; Off                ;
; Analysis & Synthesis Message Level                               ; Medium             ; Medium             ;
; Disable Register Merging Across Hierarchies                      ; Auto               ; Auto               ;
; Resource Aware Inference For Block RAM                           ; On                 ; On                 ;
+------------------------------------------------------------------+--------------------+--------------------+


+------------------------------------------+
; Parallel Compilation                     ;
+----------------------------+-------------+
; Processors                 ; Number      ;
+----------------------------+-------------+
; Number detected on machine ; 4           ;
; Maximum allowed            ; 4           ;
;                            ;             ;
; Average used               ; 1.00        ;
; Maximum used               ; 4           ;
;                            ;             ;
; Usage by Processor         ; % Time Used ;
;     Processor 1            ; 100.0%      ;
;     Processors 2-4         ;   0.0%      ;
+----------------------------+-------------+


+-----------------------------------------------------------------------------------------------------------------------------------------------------------+
; Analysis & Synthesis Source Files Read                                                                                                                    ;
+----------------------------------+-----------------+-----------------+--------------------------------------------------------------------------+---------+
; File Name with User-Entered Path ; Used in Netlist ; File Type       ; File Name with Absolute Path                                             ; Library ;
+----------------------------------+-----------------+-----------------+--------------------------------------------------------------------------+---------+
; ULA.vhd                          ; yes             ; User VHDL File  ; C:/Users/Pedro/Documents/Design/MIPS/Instrucoes_R/ULA.vhd                ;         ;
; somadorConstante.vhd             ; yes             ; User VHDL File  ; C:/Users/Pedro/Documents/Design/MIPS/Instrucoes_R/somadorConstante.vhd   ;         ;
; bancoRegistradores.vhd           ; yes             ; User VHDL File  ; C:/Users/Pedro/Documents/Design/MIPS/Instrucoes_R/bancoRegistradores.vhd ;         ;
; PC.vhd                           ; yes             ; User VHDL File  ; C:/Users/Pedro/Documents/Design/MIPS/Instrucoes_R/PC.vhd                 ;         ;
; ROM.vhd                          ; yes             ; User VHDL File  ; C:/Users/Pedro/Documents/Design/MIPS/Instrucoes_R/ROM.vhd                ;         ;
; cpu.vhd                          ; yes             ; User VHDL File  ; C:/Users/Pedro/Documents/Design/MIPS/Instrucoes_R/cpu.vhd                ;         ;
; display7Seg.vhd                  ; yes             ; User VHDL File  ; C:/Users/Pedro/Documents/Design/MIPS/Instrucoes_R/display7Seg.vhd        ;         ;
; topLevel.vhd                     ; yes             ; User VHDL File  ; C:/Users/Pedro/Documents/Design/MIPS/Instrucoes_R/topLevel.vhd           ;         ;
+----------------------------------+-----------------+-----------------+--------------------------------------------------------------------------+---------+


+------------------------------------------------------------+
; Analysis & Synthesis Resource Usage Summary                ;
+---------------------------------------------+--------------+
; Resource                                    ; Usage        ;
+---------------------------------------------+--------------+
; Estimated Total logic elements              ; 6            ;
;                                             ;              ;
; Total combinational functions               ; 6            ;
; Logic element usage by number of LUT inputs ;              ;
;     -- 4 input functions                    ; 0            ;
;     -- 3 input functions                    ; 0            ;
;     -- <=2 input functions                  ; 6            ;
;                                             ;              ;
; Logic elements by mode                      ;              ;
;     -- normal mode                          ; 2            ;
;     -- arithmetic mode                      ; 4            ;
;                                             ;              ;
; Total registers                             ; 5            ;
;     -- Dedicated logic registers            ; 5            ;
;     -- I/O registers                        ; 0            ;
;                                             ;              ;
; I/O pins                                    ; 104          ;
;                                             ;              ;
; Embedded Multiplier 9-bit elements          ; 0            ;
;                                             ;              ;
; Maximum fan-out node                        ; KEY[1]~input ;
; Maximum fan-out                             ; 6            ;
; Total fan-out                               ; 142          ;
; Average fan-out                             ; 0.65         ;
+---------------------------------------------+--------------+


+--------------------------------------------------------------------------------------------------------------------------------------------------------------------------------------------------------------+
; Analysis & Synthesis Resource Utilization by Entity                                                                                                                                                          ;
+----------------------------+---------------------+---------------------------+-------------+--------------+---------+-----------+------+--------------+-------------------------+-------------+--------------+
; Compilation Hierarchy Node ; Combinational ALUTs ; Dedicated Logic Registers ; Memory Bits ; DSP Elements ; DSP 9x9 ; DSP 18x18 ; Pins ; Virtual Pins ; Full Hierarchy Name     ; Entity Name ; Library Name ;
+----------------------------+---------------------+---------------------------+-------------+--------------+---------+-----------+------+--------------+-------------------------+-------------+--------------+
; |topLevel                  ; 6 (0)               ; 5 (0)                     ; 0           ; 0            ; 0       ; 0         ; 104  ; 0            ; |topLevel               ; topLevel    ; work         ;
;    |cpu:CPU|               ; 6 (0)               ; 5 (0)                     ; 0           ; 0            ; 0       ; 0         ; 0    ; 0            ; |topLevel|cpu:CPU       ; cpu         ; work         ;
;       |PC:PC|              ; 6 (6)               ; 5 (5)                     ; 0           ; 0            ; 0       ; 0         ; 0    ; 0            ; |topLevel|cpu:CPU|PC:PC ; PC          ; work         ;
+----------------------------+---------------------+---------------------------+-------------+--------------+---------+-----------+------+--------------+-------------------------+-------------+--------------+
Note: For table entries with two numbers listed, the numbers in parentheses indicate the number of resources of the given type used by the specific entity alone. The numbers listed outside of parentheses indicate the total resources of the given type used by the specific entity and all of its sub-entities in the hierarchy.


+--------------------------------------------------------------------------------------+
; Registers Removed During Synthesis                                                   ;
+----------------------------------------+---------------------------------------------+
; Register name                          ; Reason for Removal                          ;
+----------------------------------------+---------------------------------------------+
; display7Seg:DISPLAY0|saida7seg[0..6]   ; Stuck at VCC due to stuck port data_in      ;
; display7Seg:DISPLAY1|saida7seg[0..6]   ; Stuck at VCC due to stuck port data_in      ;
; cpu:CPU|PC:PC|toout[0,1]               ; Stuck at GND due to stuck port data_in      ;
; display7Seg:DISPLAY7|saida7seg[0..6]   ; Stuck at GND due to stuck port clock_enable ;
; display7Seg:DISPLAY6|saida7seg[0..6]   ; Stuck at GND due to stuck port clock_enable ;
; display7Seg:DISPLAY5|saida7seg[0..6]   ; Stuck at GND due to stuck port clock_enable ;
; display7Seg:DISPLAY4|saida7seg[0..6]   ; Stuck at GND due to stuck port clock_enable ;
; display7Seg:DISPLAY3|saida7seg[0..6]   ; Stuck at GND due to stuck port clock_enable ;
; display7Seg:DISPLAY2|saida7seg[0..6]   ; Stuck at GND due to stuck port clock_enable ;
; cpu:CPU|PC:PC|toout[7..31]             ; Lost fanout                                 ;
; Total Number of Removed Registers = 83 ;                                             ;
+----------------------------------------+---------------------------------------------+


+------------------------------------------------------+
; General Register Statistics                          ;
+----------------------------------------------+-------+
; Statistic                                    ; Value ;
+----------------------------------------------+-------+
; Total registers                              ; 5     ;
; Number of registers using Synchronous Clear  ; 5     ;
; Number of registers using Synchronous Load   ; 0     ;
; Number of registers using Asynchronous Clear ; 0     ;
; Number of registers using Asynchronous Load  ; 0     ;
; Number of registers using Clock Enable       ; 5     ;
; Number of registers using Preset             ; 0     ;
+----------------------------------------------+-------+


+------------------------------------------------------------------------------------------------------------------------------------------------+
; Multiplexer Restructuring Statistics (Restructuring Performed)                                                                                 ;
+--------------------+-----------+---------------+----------------------+------------------------+------------+----------------------------------+
; Multiplexer Inputs ; Bus Width ; Baseline Area ; Area if Restructured ; Saving if Restructured ; Registered ; Example Multiplexer Output       ;
+--------------------+-----------+---------------+----------------------+------------------------+------------+----------------------------------+
; 3:1                ; 30 bits   ; 60 LEs        ; 30 LEs               ; 30 LEs                 ; Yes        ; |topLevel|cpu:CPU|PC:PC|toout[2] ;
+--------------------+-----------+---------------+----------------------+------------------------+------------+----------------------------------+


+--------------------------------------------------------------------------+
; Parameter Settings for User Entity Instance: Top-level Entity: |topLevel ;
+------------------------+-------+-----------------------------------------+
; Parameter Name         ; Value ; Type                                    ;
+------------------------+-------+-----------------------------------------+
; larguraBarramentoDados ; 32    ; Signed Integer                          ;
; quantidadeChaves       ; 18    ; Signed Integer                          ;
; quantidadeDisplays     ; 8     ; Signed Integer                          ;
; quantidadeBotoes       ; 3     ; Signed Integer                          ;
+------------------------+-------+-----------------------------------------+
Note: In order to hide this table in the UI and the text report file, please set the "Show Parameter Settings in Synthesis Report" option in "Analysis and Synthesis Settings -> More Settings" to "Off".


+------------------------------------------------------+
; Parameter Settings for User Entity Instance: cpu:CPU ;
+------------------------+-------+---------------------+
; Parameter Name         ; Value ; Type                ;
+------------------------+-------+---------------------+
; largurabarramentodados ; 32    ; Signed Integer      ;
; quantidadechaves       ; 18    ; Signed Integer      ;
; quantidadebotoes       ; 3     ; Signed Integer      ;
+------------------------+-------+---------------------+
Note: In order to hide this table in the UI and the text report file, please set the "Show Parameter Settings in Synthesis Report" option in "Analysis and Synthesis Settings -> More Settings" to "Off".


+-----------------------------------------------------------------+
; Parameter Settings for User Entity Instance: cpu:CPU|romMif:ROM ;
+----------------+-------+----------------------------------------+
; Parameter Name ; Value ; Type                                   ;
+----------------+-------+----------------------------------------+
; datawidth      ; 32    ; Signed Integer                         ;
; addrwidth      ; 32    ; Signed Integer                         ;
+----------------+-------+----------------------------------------+
Note: In order to hide this table in the UI and the text report file, please set the "Show Parameter Settings in Synthesis Report" option in "Analysis and Synthesis Settings -> More Settings" to "Off".


+----------------------------------------------------------------------------+
; Parameter Settings for User Entity Instance: cpu:CPU|bancoRegistradores:BR ;
+------------------------+-------+-------------------------------------------+
; Parameter Name         ; Value ; Type                                      ;
+------------------------+-------+-------------------------------------------+
; largurabarramentodados ; 32    ; Signed Integer                            ;
; larguraendbancoregs    ; 5     ; Signed Integer                            ;
+------------------------+-------+-------------------------------------------+
Note: In order to hide this table in the UI and the text report file, please set the "Show Parameter Settings in Synthesis Report" option in "Analysis and Synthesis Settings -> More Settings" to "Off".


+------------------------------------------------------------+
; Parameter Settings for User Entity Instance: cpu:CPU|PC:PC ;
+------------------------+-------+---------------------------+
; Parameter Name         ; Value ; Type                      ;
+------------------------+-------+---------------------------+
; largurabarramentodados ; 32    ; Signed Integer            ;
+------------------------+-------+---------------------------+
Note: In order to hide this table in the UI and the text report file, please set the "Show Parameter Settings in Synthesis Report" option in "Analysis and Synthesis Settings -> More Settings" to "Off".


+-------------------------------------------------------------------------------+
; Parameter Settings for User Entity Instance: cpu:CPU|somadorConstante:SOMADOR ;
+------------------------+-------+----------------------------------------------+
; Parameter Name         ; Value ; Type                                         ;
+------------------------+-------+----------------------------------------------+
; largurabarramentodados ; 32    ; Signed Integer                               ;
+------------------------+-------+----------------------------------------------+
Note: In order to hide this table in the UI and the text report file, please set the "Show Parameter Settings in Synthesis Report" option in "Analysis and Synthesis Settings -> More Settings" to "Off".


+--------------------------------------------------------------+
; Parameter Settings for User Entity Instance: cpu:CPU|ULA:ULA ;
+------------------------+-------+-----------------------------+
; Parameter Name         ; Value ; Type                        ;
+------------------------+-------+-----------------------------+
; largurabarramentodados ; 32    ; Signed Integer              ;
+------------------------+-------+-----------------------------+
Note: In order to hide this table in the UI and the text report file, please set the "Show Parameter Settings in Synthesis Report" option in "Analysis and Synthesis Settings -> More Settings" to "Off".


+--------------------------------------------------+
; Port Connectivity Checks: "display7Seg:DISPLAY0" ;
+---------------+-------+----------+---------------+
; Port          ; Type  ; Severity ; Details       ;
+---------------+-------+----------+---------------+
; dadohex[3..2] ; Input ; Info     ; Stuck at VCC  ;
; dadohex[1]    ; Input ; Info     ; Stuck at GND  ;
; dadohex[0]    ; Input ; Info     ; Stuck at VCC  ;
; habilita      ; Input ; Info     ; Stuck at VCC  ;
+---------------+-------+----------+---------------+


+--------------------------------------------------+
; Port Connectivity Checks: "display7Seg:DISPLAY1" ;
+---------------+-------+----------+---------------+
; Port          ; Type  ; Severity ; Details       ;
+---------------+-------+----------+---------------+
; dadohex[3..2] ; Input ; Info     ; Stuck at VCC  ;
; dadohex[1]    ; Input ; Info     ; Stuck at GND  ;
; dadohex[0]    ; Input ; Info     ; Stuck at VCC  ;
; habilita      ; Input ; Info     ; Stuck at VCC  ;
+---------------+-------+----------+---------------+


+------------------------------------------------------------------------------------------------------------------------+
; Port Connectivity Checks: "cpu:CPU|romMif:ROM"                                                                         ;
+--------------+--------+----------+-------------------------------------------------------------------------------------+
; Port         ; Type   ; Severity ; Details                                                                             ;
+--------------+--------+----------+-------------------------------------------------------------------------------------+
; dado[31..26] ; Output ; Info     ; Connected to dangling logic. Logic that only feeds a dangling port will be removed. ;
; dado[10..0]  ; Output ; Info     ; Connected to dangling logic. Logic that only feeds a dangling port will be removed. ;
+--------------+--------+----------+-------------------------------------------------------------------------------------+


+---------------------------------------------------------------------------------------------------------------------------------------+
; Port Connectivity Checks: "cpu:CPU"                                                                                                   ;
+-----------------------------+--------+----------+-------------------------------------------------------------------------------------+
; Port                        ; Type   ; Severity ; Details                                                                             ;
+-----------------------------+--------+----------+-------------------------------------------------------------------------------------+
; barramentodadossaida[31..4] ; Output ; Info     ; Connected to dangling logic. Logic that only feeds a dangling port will be removed. ;
+-----------------------------+--------+----------+-------------------------------------------------------------------------------------+


+-----------------------------------------------------+
; Post-Synthesis Netlist Statistics for Top Partition ;
+-----------------------+-----------------------------+
; Type                  ; Count                       ;
+-----------------------+-----------------------------+
; boundary_port         ; 104                         ;
; cycloneiii_ff         ; 5                           ;
;     ENA SCLR          ; 5                           ;
; cycloneiii_lcell_comb ; 8                           ;
;     arith             ; 4                           ;
;         2 data inputs ; 4                           ;
;     normal            ; 4                           ;
;         0 data inputs ; 2                           ;
;         1 data inputs ; 1                           ;
;         2 data inputs ; 1                           ;
;                       ;                             ;
; Max LUT depth         ; 1.40                        ;
; Average LUT depth     ; 0.94                        ;
+-----------------------+-----------------------------+


+-------------------------------+
; Elapsed Time Per Partition    ;
+----------------+--------------+
; Partition Name ; Elapsed Time ;
+----------------+--------------+
; Top            ; 00:00:00     ;
+----------------+--------------+


+-------------------------------+
; Analysis & Synthesis Messages ;
+-------------------------------+
Info: *******************************************************************
Info: Running Quartus Prime Analysis & Synthesis
    Info: Version 18.1.0 Build 625 09/12/2018 SJ Lite Edition
    Info: Processing started: Wed Oct 23 17:57:21 2019
Info: Command: quartus_map --read_settings_files=on --write_settings_files=off tipoR -c tipoR
Info (20032): Parallel compilation is enabled and will use up to 4 processors
Warning (20031): Parallel compilation is enabled for 4 processors, but there are only 2 processors in the system. Runtime may increase due to over usage of the processor space.
Info (12021): Found 2 design units, including 1 entities, in source file ula.vhd
    Info (12022): Found design unit 1: ULA-arc_ula File: C:/Users/Pedro/Documents/Design/MIPS/Instrucoes_R/ULA.vhd Line: 26
    Info (12023): Found entity 1: ULA File: C:/Users/Pedro/Documents/Design/MIPS/Instrucoes_R/ULA.vhd Line: 11
Info (12021): Found 2 design units, including 1 entities, in source file uc.vhd
    Info (12022): Found design unit 1: UC-UCarch File: C:/Users/Pedro/Documents/Design/MIPS/Instrucoes_R/UC.vhd Line: 23
    Info (12023): Found entity 1: UC File: C:/Users/Pedro/Documents/Design/MIPS/Instrucoes_R/UC.vhd Line: 9
Info (12021): Found 2 design units, including 1 entities, in source file somadorconstante.vhd
    Info (12022): Found design unit 1: somadorConstante-arc_somadorConstante File: C:/Users/Pedro/Documents/Design/MIPS/Instrucoes_R/somadorConstante.vhd Line: 23
    Info (12023): Found entity 1: somadorConstante File: C:/Users/Pedro/Documents/Design/MIPS/Instrucoes_R/somadorConstante.vhd Line: 11
Info (12021): Found 2 design units, including 1 entities, in source file bancoregistradores.vhd
    Info (12022): Found design unit 1: bancoRegistradores-comportamento File: C:/Users/Pedro/Documents/Design/MIPS/Instrucoes_R/bancoRegistradores.vhd Line: 38
    Info (12023): Found entity 1: bancoRegistradores File: C:/Users/Pedro/Documents/Design/MIPS/Instrucoes_R/bancoRegistradores.vhd Line: 13
Info (12021): Found 2 design units, including 1 entities, in source file pc.vhd
    Info (12022): Found design unit 1: PC-arch File: C:/Users/Pedro/Documents/Design/MIPS/Instrucoes_R/PC.vhd Line: 23
    Info (12023): Found entity 1: PC File: C:/Users/Pedro/Documents/Design/MIPS/Instrucoes_R/PC.vhd Line: 10
Info (12021): Found 2 design units, including 1 entities, in source file rom.vhd
    Info (12022): Found design unit 1: romMif-initFileROM File: C:/Users/Pedro/Documents/Design/MIPS/Instrucoes_R/ROM.vhd Line: 26
    Info (12023): Found entity 1: romMif File: C:/Users/Pedro/Documents/Design/MIPS/Instrucoes_R/ROM.vhd Line: 12
Info (12021): Found 2 design units, including 1 entities, in source file cpu.vhd
    Info (12022): Found design unit 1: cpu-estrutural File: C:/Users/Pedro/Documents/Design/MIPS/Instrucoes_R/cpu.vhd Line: 30
    Info (12023): Found entity 1: cpu File: C:/Users/Pedro/Documents/Design/MIPS/Instrucoes_R/cpu.vhd Line: 8
Info (12021): Found 2 design units, including 1 entities, in source file display7seg.vhd
    Info (12022): Found design unit 1: display7Seg-comportamento File: C:/Users/Pedro/Documents/Design/MIPS/Instrucoes_R/display7Seg.vhd Line: 21
    Info (12023): Found entity 1: display7Seg File: C:/Users/Pedro/Documents/Design/MIPS/Instrucoes_R/display7Seg.vhd Line: 9
Warning (12019): Can't analyze file -- file registerFlag.vhd is missing
Info (12021): Found 2 design units, including 1 entities, in source file toplevel.vhd
    Info (12022): Found design unit 1: topLevel-estrutural File: C:/Users/Pedro/Documents/Design/MIPS/Instrucoes_R/topLevel.vhd Line: 30
    Info (12023): Found entity 1: topLevel File: C:/Users/Pedro/Documents/Design/MIPS/Instrucoes_R/topLevel.vhd Line: 8
Info (12127): Elaborating entity "topLevel" for the top level hierarchy
Warning (10541): VHDL Signal Declaration warning at topLevel.vhd(36): used implicit default value for signal "LCD_US" because signal was never assigned a value or an explicit default value. Use of implicit default value may introduce unintended design optimizations. File: C:/Users/Pedro/Documents/Design/MIPS/Instrucoes_R/topLevel.vhd Line: 36
Warning (10541): VHDL Signal Declaration warning at topLevel.vhd(36): used implicit default value for signal "LCD_DS" because signal was never assigned a value or an explicit default value. Use of implicit default value may introduce unintended design optimizations. File: C:/Users/Pedro/Documents/Design/MIPS/Instrucoes_R/topLevel.vhd Line: 36
Warning (10541): VHDL Signal Declaration warning at topLevel.vhd(36): used implicit default value for signal "LCD_UM" because signal was never assigned a value or an explicit default value. Use of implicit default value may introduce unintended design optimizations. File: C:/Users/Pedro/Documents/Design/MIPS/Instrucoes_R/topLevel.vhd Line: 36
Warning (10541): VHDL Signal Declaration warning at topLevel.vhd(36): used implicit default value for signal "LCD_DM" because signal was never assigned a value or an explicit default value. Use of implicit default value may introduce unintended design optimizations. File: C:/Users/Pedro/Documents/Design/MIPS/Instrucoes_R/topLevel.vhd Line: 36
Warning (10541): VHDL Signal Declaration warning at topLevel.vhd(36): used implicit default value for signal "LCD_UH" because signal was never assigned a value or an explicit default value. Use of implicit default value may introduce unintended design optimizations. File: C:/Users/Pedro/Documents/Design/MIPS/Instrucoes_R/topLevel.vhd Line: 36
Warning (10541): VHDL Signal Declaration warning at topLevel.vhd(36): used implicit default value for signal "LCD_DH" because signal was never assigned a value or an explicit default value. Use of implicit default value may introduce unintended design optimizations. File: C:/Users/Pedro/Documents/Design/MIPS/Instrucoes_R/topLevel.vhd Line: 36
Warning (10873): Using initial value X (don't care) for net "LEDG[7]" at topLevel.vhd(25) File: C:/Users/Pedro/Documents/Design/MIPS/Instrucoes_R/topLevel.vhd Line: 25
Info (12128): Elaborating entity "cpu" for hierarchy "cpu:CPU" File: C:/Users/Pedro/Documents/Design/MIPS/Instrucoes_R/topLevel.vhd Line: 43
Info (12128): Elaborating entity "romMif" for hierarchy "cpu:CPU|romMif:ROM" File: C:/Users/Pedro/Documents/Design/MIPS/Instrucoes_R/cpu.vhd Line: 44
Warning (10639): VHDL warning at ROM.vhd(28): constant value overflow File: C:/Users/Pedro/Documents/Design/MIPS/Instrucoes_R/ROM.vhd Line: 28
Warning (10445): VHDL Subtype or Type Declaration warning at ROM.vhd(28): subtype or type has null range File: C:/Users/Pedro/Documents/Design/MIPS/Instrucoes_R/ROM.vhd Line: 28
Warning (10541): VHDL Signal Declaration warning at ROM.vhd(29): used implicit default value for signal "content" because signal was never assigned a value or an explicit default value. Use of implicit default value may introduce unintended design optimizations. File: C:/Users/Pedro/Documents/Design/MIPS/Instrucoes_R/ROM.vhd Line: 29
Info (12128): Elaborating entity "bancoRegistradores" for hierarchy "cpu:CPU|bancoRegistradores:BR" File: C:/Users/Pedro/Documents/Design/MIPS/Instrucoes_R/cpu.vhd Line: 53
Info (12128): Elaborating entity "PC" for hierarchy "cpu:CPU|PC:PC" File: C:/Users/Pedro/Documents/Design/MIPS/Instrucoes_R/cpu.vhd Line: 70
Info (12128): Elaborating entity "somadorConstante" for hierarchy "cpu:CPU|somadorConstante:SOMADOR" File: C:/Users/Pedro/Documents/Design/MIPS/Instrucoes_R/cpu.vhd Line: 86
Info (12128): Elaborating entity "ULA" for hierarchy "cpu:CPU|ULA:ULA" File: C:/Users/Pedro/Documents/Design/MIPS/Instrucoes_R/cpu.vhd Line: 98
Info (12128): Elaborating entity "display7Seg" for hierarchy "display7Seg:DISPLAY2" File: C:/Users/Pedro/Documents/Design/MIPS/Instrucoes_R/topLevel.vhd Line: 57
Warning (13024): Output pins are stuck at VCC or GND
    Warning (13410): Pin "HEX0[0]" is stuck at VCC File: C:/Users/Pedro/Documents/Design/MIPS/Instrucoes_R/topLevel.vhd Line: 24
    Warning (13410): Pin "HEX0[1]" is stuck at VCC File: C:/Users/Pedro/Documents/Design/MIPS/Instrucoes_R/topLevel.vhd Line: 24
    Warning (13410): Pin "HEX0[2]" is stuck at VCC File: C:/Users/Pedro/Documents/Design/MIPS/Instrucoes_R/topLevel.vhd Line: 24
    Warning (13410): Pin "HEX0[3]" is stuck at VCC File: C:/Users/Pedro/Documents/Design/MIPS/Instrucoes_R/topLevel.vhd Line: 24
    Warning (13410): Pin "HEX0[4]" is stuck at VCC File: C:/Users/Pedro/Documents/Design/MIPS/Instrucoes_R/topLevel.vhd Line: 24
    Warning (13410): Pin "HEX0[5]" is stuck at VCC File: C:/Users/Pedro/Documents/Design/MIPS/Instrucoes_R/topLevel.vhd Line: 24
    Warning (13410): Pin "HEX0[6]" is stuck at VCC File: C:/Users/Pedro/Documents/Design/MIPS/Instrucoes_R/topLevel.vhd Line: 24
    Warning (13410): Pin "HEX1[0]" is stuck at VCC File: C:/Users/Pedro/Documents/Design/MIPS/Instrucoes_R/topLevel.vhd Line: 24
    Warning (13410): Pin "HEX1[1]" is stuck at VCC File: C:/Users/Pedro/Documents/Design/MIPS/Instrucoes_R/topLevel.vhd Line: 24
    Warning (13410): Pin "HEX1[2]" is stuck at VCC File: C:/Users/Pedro/Documents/Design/MIPS/Instrucoes_R/topLevel.vhd Line: 24
    Warning (13410): Pin "HEX1[3]" is stuck at VCC File: C:/Users/Pedro/Documents/Design/MIPS/Instrucoes_R/topLevel.vhd Line: 24
    Warning (13410): Pin "HEX1[4]" is stuck at VCC File: C:/Users/Pedro/Documents/Design/MIPS/Instrucoes_R/topLevel.vhd Line: 24
    Warning (13410): Pin "HEX1[5]" is stuck at VCC File: C:/Users/Pedro/Documents/Design/MIPS/Instrucoes_R/topLevel.vhd Line: 24
    Warning (13410): Pin "HEX1[6]" is stuck at VCC File: C:/Users/Pedro/Documents/Design/MIPS/Instrucoes_R/topLevel.vhd Line: 24
    Warning (13410): Pin "HEX2[0]" is stuck at GND File: C:/Users/Pedro/Documents/Design/MIPS/Instrucoes_R/topLevel.vhd Line: 24
    Warning (13410): Pin "HEX2[1]" is stuck at GND File: C:/Users/Pedro/Documents/Design/MIPS/Instrucoes_R/topLevel.vhd Line: 24
    Warning (13410): Pin "HEX2[2]" is stuck at GND File: C:/Users/Pedro/Documents/Design/MIPS/Instrucoes_R/topLevel.vhd Line: 24
    Warning (13410): Pin "HEX2[3]" is stuck at GND File: C:/Users/Pedro/Documents/Design/MIPS/Instrucoes_R/topLevel.vhd Line: 24
    Warning (13410): Pin "HEX2[4]" is stuck at GND File: C:/Users/Pedro/Documents/Design/MIPS/Instrucoes_R/topLevel.vhd Line: 24
    Warning (13410): Pin "HEX2[5]" is stuck at GND File: C:/Users/Pedro/Documents/Design/MIPS/Instrucoes_R/topLevel.vhd Line: 24
    Warning (13410): Pin "HEX2[6]" is stuck at GND File: C:/Users/Pedro/Documents/Design/MIPS/Instrucoes_R/topLevel.vhd Line: 24
    Warning (13410): Pin "HEX3[0]" is stuck at GND File: C:/Users/Pedro/Documents/Design/MIPS/Instrucoes_R/topLevel.vhd Line: 24
    Warning (13410): Pin "HEX3[1]" is stuck at GND File: C:/Users/Pedro/Documents/Design/MIPS/Instrucoes_R/topLevel.vhd Line: 24
    Warning (13410): Pin "HEX3[2]" is stuck at GND File: C:/Users/Pedro/Documents/Design/MIPS/Instrucoes_R/topLevel.vhd Line: 24
    Warning (13410): Pin "HEX3[3]" is stuck at GND File: C:/Users/Pedro/Documents/Design/MIPS/Instrucoes_R/topLevel.vhd Line: 24
    Warning (13410): Pin "HEX3[4]" is stuck at GND File: C:/Users/Pedro/Documents/Design/MIPS/Instrucoes_R/topLevel.vhd Line: 24
    Warning (13410): Pin "HEX3[5]" is stuck at GND File: C:/Users/Pedro/Documents/Design/MIPS/Instrucoes_R/topLevel.vhd Line: 24
    Warning (13410): Pin "HEX3[6]" is stuck at GND File: C:/Users/Pedro/Documents/Design/MIPS/Instrucoes_R/topLevel.vhd Line: 24
    Warning (13410): Pin "HEX4[0]" is stuck at GND File: C:/Users/Pedro/Documents/Design/MIPS/Instrucoes_R/topLevel.vhd Line: 24
    Warning (13410): Pin "HEX4[1]" is stuck at GND File: C:/Users/Pedro/Documents/Design/MIPS/Instrucoes_R/topLevel.vhd Line: 24
    Warning (13410): Pin "HEX4[2]" is stuck at GND File: C:/Users/Pedro/Documents/Design/MIPS/Instrucoes_R/topLevel.vhd Line: 24
    Warning (13410): Pin "HEX4[3]" is stuck at GND File: C:/Users/Pedro/Documents/Design/MIPS/Instrucoes_R/topLevel.vhd Line: 24
    Warning (13410): Pin "HEX4[4]" is stuck at GND File: C:/Users/Pedro/Documents/Design/MIPS/Instrucoes_R/topLevel.vhd Line: 24
    Warning (13410): Pin "HEX4[5]" is stuck at GND File: C:/Users/Pedro/Documents/Design/MIPS/Instrucoes_R/topLevel.vhd Line: 24
    Warning (13410): Pin "HEX4[6]" is stuck at GND File: C:/Users/Pedro/Documents/Design/MIPS/Instrucoes_R/topLevel.vhd Line: 24
    Warning (13410): Pin "HEX5[0]" is stuck at GND File: C:/Users/Pedro/Documents/Design/MIPS/Instrucoes_R/topLevel.vhd Line: 24
    Warning (13410): Pin "HEX5[1]" is stuck at GND File: C:/Users/Pedro/Documents/Design/MIPS/Instrucoes_R/topLevel.vhd Line: 24
    Warning (13410): Pin "HEX5[2]" is stuck at GND File: C:/Users/Pedro/Documents/Design/MIPS/Instrucoes_R/topLevel.vhd Line: 24
    Warning (13410): Pin "HEX5[3]" is stuck at GND File: C:/Users/Pedro/Documents/Design/MIPS/Instrucoes_R/topLevel.vhd Line: 24
    Warning (13410): Pin "HEX5[4]" is stuck at GND File: C:/Users/Pedro/Documents/Design/MIPS/Instrucoes_R/topLevel.vhd Line: 24
    Warning (13410): Pin "HEX5[5]" is stuck at GND File: C:/Users/Pedro/Documents/Design/MIPS/Instrucoes_R/topLevel.vhd Line: 24
    Warning (13410): Pin "HEX5[6]" is stuck at GND File: C:/Users/Pedro/Documents/Design/MIPS/Instrucoes_R/topLevel.vhd Line: 24
    Warning (13410): Pin "HEX6[0]" is stuck at GND File: C:/Users/Pedro/Documents/Design/MIPS/Instrucoes_R/topLevel.vhd Line: 24
    Warning (13410): Pin "HEX6[1]" is stuck at GND File: C:/Users/Pedro/Documents/Design/MIPS/Instrucoes_R/topLevel.vhd Line: 24
    Warning (13410): Pin "HEX6[2]" is stuck at GND File: C:/Users/Pedro/Documents/Design/MIPS/Instrucoes_R/topLevel.vhd Line: 24
    Warning (13410): Pin "HEX6[3]" is stuck at GND File: C:/Users/Pedro/Documents/Design/MIPS/Instrucoes_R/topLevel.vhd Line: 24
    Warning (13410): Pin "HEX6[4]" is stuck at GND File: C:/Users/Pedro/Documents/Design/MIPS/Instrucoes_R/topLevel.vhd Line: 24
    Warning (13410): Pin "HEX6[5]" is stuck at GND File: C:/Users/Pedro/Documents/Design/MIPS/Instrucoes_R/topLevel.vhd Line: 24
    Warning (13410): Pin "HEX6[6]" is stuck at GND File: C:/Users/Pedro/Documents/Design/MIPS/Instrucoes_R/topLevel.vhd Line: 24
    Warning (13410): Pin "HEX7[0]" is stuck at GND File: C:/Users/Pedro/Documents/Design/MIPS/Instrucoes_R/topLevel.vhd Line: 24
    Warning (13410): Pin "HEX7[1]" is stuck at GND File: C:/Users/Pedro/Documents/Design/MIPS/Instrucoes_R/topLevel.vhd Line: 24
    Warning (13410): Pin "HEX7[2]" is stuck at GND File: C:/Users/Pedro/Documents/Design/MIPS/Instrucoes_R/topLevel.vhd Line: 24
    Warning (13410): Pin "HEX7[3]" is stuck at GND File: C:/Users/Pedro/Documents/Design/MIPS/Instrucoes_R/topLevel.vhd Line: 24
    Warning (13410): Pin "HEX7[4]" is stuck at GND File: C:/Users/Pedro/Documents/Design/MIPS/Instrucoes_R/topLevel.vhd Line: 24
    Warning (13410): Pin "HEX7[5]" is stuck at GND File: C:/Users/Pedro/Documents/Design/MIPS/Instrucoes_R/topLevel.vhd Line: 24
    Warning (13410): Pin "HEX7[6]" is stuck at GND File: C:/Users/Pedro/Documents/Design/MIPS/Instrucoes_R/topLevel.vhd Line: 24
    Warning (13410): Pin "LEDG[0]" is stuck at GND File: C:/Users/Pedro/Documents/Design/MIPS/Instrucoes_R/topLevel.vhd Line: 25
    Warning (13410): Pin "LEDG[1]" is stuck at GND File: C:/Users/Pedro/Documents/Design/MIPS/Instrucoes_R/topLevel.vhd Line: 25
    Warning (13410): Pin "LEDG[7]" is stuck at GND File: C:/Users/Pedro/Documents/Design/MIPS/Instrucoes_R/topLevel.vhd Line: 25
    Warning (13410): Pin "LEDR[2]" is stuck at GND File: C:/Users/Pedro/Documents/Design/MIPS/Instrucoes_R/topLevel.vhd Line: 26
    Warning (13410): Pin "LEDR[3]" is stuck at GND File: C:/Users/Pedro/Documents/Design/MIPS/Instrucoes_R/topLevel.vhd Line: 26
    Warning (13410): Pin "LEDR[4]" is stuck at GND File: C:/Users/Pedro/Documents/Design/MIPS/Instrucoes_R/topLevel.vhd Line: 26
    Warning (13410): Pin "LEDR[5]" is stuck at GND File: C:/Users/Pedro/Documents/Design/MIPS/Instrucoes_R/topLevel.vhd Line: 26
    Warning (13410): Pin "LEDR[6]" is stuck at GND File: C:/Users/Pedro/Documents/Design/MIPS/Instrucoes_R/topLevel.vhd Line: 26
    Warning (13410): Pin "LEDR[7]" is stuck at GND File: C:/Users/Pedro/Documents/Design/MIPS/Instrucoes_R/topLevel.vhd Line: 26
    Warning (13410): Pin "LEDR[8]" is stuck at GND File: C:/Users/Pedro/Documents/Design/MIPS/Instrucoes_R/topLevel.vhd Line: 26
    Warning (13410): Pin "LEDR[9]" is stuck at GND File: C:/Users/Pedro/Documents/Design/MIPS/Instrucoes_R/topLevel.vhd Line: 26
    Warning (13410): Pin "LEDR[10]" is stuck at GND File: C:/Users/Pedro/Documents/Design/MIPS/Instrucoes_R/topLevel.vhd Line: 26
    Warning (13410): Pin "LEDR[11]" is stuck at GND File: C:/Users/Pedro/Documents/Design/MIPS/Instrucoes_R/topLevel.vhd Line: 26
    Warning (13410): Pin "LEDR[12]" is stuck at GND File: C:/Users/Pedro/Documents/Design/MIPS/Instrucoes_R/topLevel.vhd Line: 26
    Warning (13410): Pin "LEDR[13]" is stuck at GND File: C:/Users/Pedro/Documents/Design/MIPS/Instrucoes_R/topLevel.vhd Line: 26
    Warning (13410): Pin "LEDR[14]" is stuck at GND File: C:/Users/Pedro/Documents/Design/MIPS/Instrucoes_R/topLevel.vhd Line: 26
    Warning (13410): Pin "LEDR[15]" is stuck at GND File: C:/Users/Pedro/Documents/Design/MIPS/Instrucoes_R/topLevel.vhd Line: 26
    Warning (13410): Pin "LEDR[16]" is stuck at GND File: C:/Users/Pedro/Documents/Design/MIPS/Instrucoes_R/topLevel.vhd Line: 26
    Warning (13410): Pin "LEDR[17]" is stuck at GND File: C:/Users/Pedro/Documents/Design/MIPS/Instrucoes_R/topLevel.vhd Line: 26
Info (286030): Timing-Driven Synthesis is running
Info (17049): 25 registers lost all their fanouts during netlist optimizations.
Info (16010): Generating hard_block partition "hard_block:auto_generated_inst"
    Info (16011): Adding 0 node(s), including 0 DDIO, 0 PLL, 0 transceiver and 0 LCELL
Warning (21074): Design contains 17 input pin(s) that do not drive logic
    Warning (15610): No output dependent on input pin "SW[2]" File: C:/Users/Pedro/Documents/Design/MIPS/Instrucoes_R/topLevel.vhd Line: 20
    Warning (15610): No output dependent on input pin "SW[3]" File: C:/Users/Pedro/Documents/Design/MIPS/Instrucoes_R/topLevel.vhd Line: 20
    Warning (15610): No output dependent on input pin "SW[4]" File: C:/Users/Pedro/Documents/Design/MIPS/Instrucoes_R/topLevel.vhd Line: 20
    Warning (15610): No output dependent on input pin "SW[5]" File: C:/Users/Pedro/Documents/Design/MIPS/Instrucoes_R/topLevel.vhd Line: 20
    Warning (15610): No output dependent on input pin "SW[6]" File: C:/Users/Pedro/Documents/Design/MIPS/Instrucoes_R/topLevel.vhd Line: 20
    Warning (15610): No output dependent on input pin "SW[7]" File: C:/Users/Pedro/Documents/Design/MIPS/Instrucoes_R/topLevel.vhd Line: 20
    Warning (15610): No output dependent on input pin "SW[8]" File: C:/Users/Pedro/Documents/Design/MIPS/Instrucoes_R/topLevel.vhd Line: 20
    Warning (15610): No output dependent on input pin "SW[9]" File: C:/Users/Pedro/Documents/Design/MIPS/Instrucoes_R/topLevel.vhd Line: 20
    Warning (15610): No output dependent on input pin "SW[10]" File: C:/Users/Pedro/Documents/Design/MIPS/Instrucoes_R/topLevel.vhd Line: 20
    Warning (15610): No output dependent on input pin "SW[11]" File: C:/Users/Pedro/Documents/Design/MIPS/Instrucoes_R/topLevel.vhd Line: 20
    Warning (15610): No output dependent on input pin "SW[12]" File: C:/Users/Pedro/Documents/Design/MIPS/Instrucoes_R/topLevel.vhd Line: 20
    Warning (15610): No output dependent on input pin "SW[13]" File: C:/Users/Pedro/Documents/Design/MIPS/Instrucoes_R/topLevel.vhd Line: 20
    Warning (15610): No output dependent on input pin "SW[14]" File: C:/Users/Pedro/Documents/Design/MIPS/Instrucoes_R/topLevel.vhd Line: 20
    Warning (15610): No output dependent on input pin "SW[15]" File: C:/Users/Pedro/Documents/Design/MIPS/Instrucoes_R/topLevel.vhd Line: 20
    Warning (15610): No output dependent on input pin "SW[16]" File: C:/Users/Pedro/Documents/Design/MIPS/Instrucoes_R/topLevel.vhd Line: 20
    Warning (15610): No output dependent on input pin "SW[17]" File: C:/Users/Pedro/Documents/Design/MIPS/Instrucoes_R/topLevel.vhd Line: 20
    Warning (15610): No output dependent on input pin "KEY[2]" File: C:/Users/Pedro/Documents/Design/MIPS/Instrucoes_R/topLevel.vhd Line: 22
Info (21057): Implemented 110 device resources after synthesis - the final resource count might be different
    Info (21058): Implemented 22 input pins
    Info (21059): Implemented 82 output pins
    Info (21061): Implemented 6 logic cells
Info: Quartus Prime Analysis & Synthesis was successful. 0 errors, 106 warnings
    Info: Peak virtual memory: 4792 megabytes
    Info: Processing ended: Wed Oct 23 17:57:40 2019
    Info: Elapsed time: 00:00:19
    Info: Total CPU time (on all processors): 00:00:40


